C51 COMPILER V7.06   18B20                                                                 08/30/2009 16:45:40 PAGE 1   


C51 COMPILER V7.06, COMPILATION OF MODULE 18B20
OBJECT MODULE PLACED IN 18b20.OBJ
COMPILER INVOKED BY: d:\Keil\C51\BIN\C51.EXE 18b20.c BROWSE DEBUG OBJECTEXTEND

stmt level    source

   1          /*-----------------------------------------------
   2            名称：18B20温度传感器
   3            公司：上海浩豚电子科技有限公司
   4            网站：www.doflye.cn
   5            编写：师访
   6            日期：2009.5
   7            修改：无
   8            内容：18B20单线温度检测的应用样例程序,请将18b20插紧，
   9                  然后在数码管可以显示XX.XC，C表示摄氏度，如显示25.3C表示当前温度25.3度
  10          ------------------------------------------------*/
  11          #include<reg52.h>     //包含头文件，一般情况不需要改动，头文件包含特殊功能寄存器的定义
  12          #include<math.h>
  13          #include<INTRINS.H>
  14          
  15          #define uchar unsigned char
  16          #define uint   unsigned int;
  17          /******************************************************************/
  18          /*                    定义端口                                    */
  19          /******************************************************************/
  20          sbit seg1=P2^0;
  21          sbit seg2=P2^1;
  22          sbit seg3=P2^2;
  23          sbit DQ=P1^3;//ds18b20 端口
  24          sfr dataled=0x80;//显示数据端口
  25          /******************************************************************/
  26          /*                    全局变量                                    */
  27          /******************************************************************/
  28          uint temp;
  29          uchar flag_get,count,num,minute,second;
  30          uchar code tab[]={0x3f,0x06,0x5b,0x4f,0x66,0x6d,0x7d,0x07,0x7f,0x6f};
  31                                                         //7段数码管段码表共阳
  32          uchar  str[6];
  33          /******************************************************************/
  34          /*                   函数声明                                     */
  35          /******************************************************************/
  36          void delay1(uchar MS);
  37          unsigned int ReadTemperature(void);
  38          void Init_DS18B20(void);
  39          unsigned char ReadOneChar(void);
  40          void WriteOneChar(unsigned char dat);
  41          void delay(unsigned int i);
  42          /******************************************************************/
  43          /*                    主函数                                      */
  44          /******************************************************************/
  45          main()
  46          {
  47   1      unsigned char TempH,TempL;
  48   1      TMOD|=0x01;//定时器设置
  49   1      TH0=0xef;
  50   1      TL0=0xf0;
  51   1      IE=0x82;
  52   1      TR0=1;
  53   1      P2=0x00;  
  54   1      count=0;
  55   1      while(1)
C51 COMPILER V7.06   18B20                                                                 08/30/2009 16:45:40 PAGE 2   

  56   1      {
  57   2         str[5]=0x39;         //显示C符号
  58   2         str[1]=tab[TempH/100]; //十位温度
  59   2         str[2]=tab[(TempH%100)/10]; //十位温度
  60   2         str[3]=tab[(TempH%100)%10]|0x80; //个位温度,带小数点
  61   2         str[4]=tab[TempL];
  62   2        if(flag_get==1)       //定时读取当前温度
  63   2          {
  64   3        temp=ReadTemperature();
  65   3        if(temp&0x8000)
  66   3           {
  67   4           str[0]=0x40;//负号标志
  68   4           temp=~temp;  // 取反加1
  69   4               temp +=1;
  70   4               }
  71   3        else
  72   3           str[0]=0;
  73   3        TempH=temp>>4;
  74   3        TempL=temp&0x0F;
  75   3        TempL=TempL*6/10;//小数近似处理
  76   3        flag_get=0;
  77   3          }
  78   2        }
  79   1      }
  80          
  81          
  82          /******************************************************************/
  83          /*                  定时器中断                                    */
  84          /******************************************************************/
  85          void tim(void) interrupt 1 using 1//中断，用于数码管扫描和温度检测间隔
  86          {
  87   1      TH0=0xef;//定时器重装值
  88   1      TL0=0xf0;
  89   1      num++;
  90   1      if (num==50)
  91   1          {num=0;
  92   2                flag_get=1;//标志位有效
  93   2            second++;
  94   2             if(second>=60)
  95   2               {second=0;
  96   3                 minute++;  
  97   3                }
  98   2            }
  99   1      count++;
 100   1      if(count==1)
 101   1         {P2=0;
 102   2          dataled=str[0];}//数码管扫描
 103   1      if(count==2)
 104   1         {P2=1;
 105   2          dataled=str[1];}
 106   1      if(count==3)
 107   1         { P2=2;
 108   2           dataled=str[2];
 109   2           }
 110   1      if(count==4)
 111   1         { P2=3;
 112   2           dataled=str[3];
 113   2           }
 114   1      if(count==5)
 115   1         { P2=4;
 116   2           dataled=str[4];
 117   2           }
C51 COMPILER V7.06   18B20                                                                 08/30/2009 16:45:40 PAGE 3   

 118   1      if(count==6)
 119   1         { P2=5;
 120   2           dataled=str[5];
 121   2           count=0;}
 122   1      }
 123          /******************************************************************/
 124          /*                    延时函数                                    */
 125          /******************************************************************/
 126          void delay(unsigned int i)//延时函数
 127          {
 128   1       while(i--);
 129   1      }
 130          /******************************************************************/
 131          /*                    初始化                                      */
 132          /******************************************************************/
 133          void Init_DS18B20(void)
 134          {
 135   1       unsigned char x=0;
 136   1       DQ = 1;    //DQ复位
 137   1       delay(8);  //稍做延时
 138   1       DQ = 0;    //单片机将DQ拉低
 139   1       delay(80); //精确延时 大于 480us
 140   1       DQ = 1;    //拉高总线
 141   1       delay(10);
 142   1       x=DQ;      //稍做延时后 如果x=0则初始化成功 x=1则初始化失败
 143   1       delay(5);
 144   1      }
 145          
 146          /******************************************************************/
 147          /*                    读一个字节                                  */
 148          /******************************************************************/
 149          unsigned char ReadOneChar(void)
 150          {
 151   1      unsigned char i=0;
 152   1      unsigned char dat = 0;
 153   1      for (i=8;i>0;i--)
 154   1       {
 155   2        DQ = 0; // 给脉冲信号
 156   2        dat>>=1;
 157   2        DQ = 1; // 给脉冲信号
 158   2        if(DQ)
 159   2         dat|=0x80;
 160   2        delay(5);
 161   2       }
 162   1       return(dat);
 163   1      }
 164          
 165          /******************************************************************/
 166          /*                 写一个字节                                     */
 167          /******************************************************************/
 168          void WriteOneChar(unsigned char dat)
 169          {
 170   1       unsigned char i=0;
 171   1       for (i=8; i>0; i--)
 172   1       {
 173   2        DQ = 0;
 174   2        DQ = dat&0x01;
 175   2        delay(5);
 176   2        DQ = 1;
 177   2        dat>>=1;
 178   2       }
 179   1      delay(5);
C51 COMPILER V7.06   18B20                                                                 08/30/2009 16:45:40 PAGE 4   

 180   1      }
 181          
 182          /******************************************************************/
 183          /*                   读取温度                                     */
 184          /******************************************************************/
 185          unsigned int ReadTemperature(void)
 186          {
 187   1      unsigned char a=0;
 188   1      unsigned int b=0;
 189   1      unsigned int t=0;
 190   1      Init_DS18B20();
 191   1      WriteOneChar(0xCC); // 跳过读序号列号的操作
 192   1      WriteOneChar(0x44); // 启动温度转换
 193   1      delay(200);
 194   1      Init_DS18B20();
 195   1      WriteOneChar(0xCC); //跳过读序号列号的操作 
 196   1      WriteOneChar(0xBE); //读取温度寄存器等（共可读9个寄存器） 前两个就是温度
 197   1      a=ReadOneChar();   //低位
 198   1      b=ReadOneChar();   //高位
 199   1      
 200   1      b<<=8;
 201   1      t=a+b;
 202   1      
 203   1      return(t);
 204   1      }


MODULE INFORMATION:   STATIC OVERLAYABLE
   CODE SIZE        =    425    ----
   CONSTANT SIZE    =     10    ----
   XDATA SIZE       =   ----    ----
   PDATA SIZE       =   ----    ----
   DATA SIZE        =     13       2
   IDATA SIZE       =   ----    ----
   BIT SIZE         =   ----    ----
END OF MODULE INFORMATION.


C51 COMPILATION COMPLETE.  0 WARNING(S),  0 ERROR(S)
