C51 COMPILER V7.06   综___允_                                                              05/13/2009 13:22:28 PAGE 1   


C51 COMPILER V7.06, COMPILATION OF MODULE 综___允_
OBJECT MODULE PLACED IN 综合显示.OBJ
COMPILER INVOKED BY: d:\Keil\C51\BIN\C51.EXE 综合显示.c BROWSE DEBUG OBJECTEXTEND

stmt level    source

   1          
   2          /*1-VSS 2-VDD 3-V0 4-RS 5-R/W 6-E 7-14 DB0-DB7 15-BLA 16-BLK*/
   3          
   4          /*-----------------------------------------------
   5            名称：LCD1602和数码管同时显示
   6            公司：上海浩豚电子科技有限公司
   7            网站：www.doflye.cn
   8            编写：师访
   9            日期：2009.5
  10            修改：无
  11            内容：通过标准程序静态显示2行字符和数码管显示
  12          ------------------------------------------------*/
  13          
  14          #include<reg52.h> //包含头文件，一般情况不需要改动，头文件包含特殊功能寄存器的定义
  15          #include<stdio.h> //标准输入输出
  16          #include<intrins.h>
  17          
  18          
  19          sbit RS = P2^4; //Pin4
  20          sbit RW = P2^5; //Pin5
  21          sbit E  = P2^6; //Pin6
  22          
  23          
  24          unsigned char const dofly[]={0x3f,0x06,0x5b,0x4f,0x66,0x6d,0x7d,0x07,0x7f,0x6f};// 显示段码值01234567
  25          unsigned char code seg[]={0,1,2,3,4,5,6,7};//分别对应相应的数码管点亮
  26          
  27          #define Data  P0//数据端口
  28          
  29          char data TimeNum[]="                ";
  30          char data Test1[]="                  ";
  31          
  32          /******************************************************************/
  33          /*                    微秒延时函数                                */
  34          /******************************************************************/
  35          void DelayUs(unsigned char us)//delay us
  36          {
  37   1       unsigned char uscnt;
  38   1       uscnt=us>>1;        /*12MHz频率*/
  39   1       while(--uscnt);
  40   1      }
  41          /******************************************************************/
  42          /*                    毫秒函数声明                                */
  43          /******************************************************************/
  44          void DelayMs(unsigned char ms)
  45          {
  46   1       while(--ms)
  47   1         {
  48   2           DelayUs(250);
  49   2           DelayUs(250);
  50   2               DelayUs(250);
  51   2               DelayUs(250);
  52   2         }
  53   1      }
  54          /******************************************************************/
  55          /*                   写入命令函数                                 */
C51 COMPILER V7.06   综___允_                                                              05/13/2009 13:22:28 PAGE 2   

  56          /******************************************************************/
  57          void WriteCommand(unsigned char c)
  58          {
  59   1       DelayMs(5);//操作前短暂延时，保证信号稳定
  60   1       E=0;
  61   1       RS=0;
  62   1       RW=0;
  63   1       _nop_();
  64   1       E=1;
  65   1       Data=c;
  66   1       E=0;
  67   1      }
  68          /******************************************************************/
  69          /*                   写入数据函数                                 */
  70          /******************************************************************/
  71          void WriteData(unsigned char c)
  72          {
  73   1       DelayMs(5);  //操作前短暂延时，保证信号稳定
  74   1       E=0;
  75   1       RS=1;
  76   1       RW=0;
  77   1       _nop_();
  78   1       E=1;
  79   1       Data=c;
  80   1       E=0;
  81   1       RS=0;
  82   1      }
  83          /******************************************************************/
  84          /*                   写入字节函数                                 */
  85          /******************************************************************/
  86          void ShowChar(unsigned char pos,unsigned char c)
  87          {
  88   1       unsigned char p;
  89   1       if (pos>=0x10)
  90   1          p=pos+0xb0; //是第二行则命令代码高4位为0xc
  91   1       else 
  92   1          p=pos+0x80; //是第二行则命令代码高4位为0x8
  93   1       WriteCommand (p);//写命令
  94   1       WriteData (c);   //写数据
  95   1      }
  96          /******************************************************************/
  97          /*                   写入字符串函数                               */
  98          /******************************************************************/
  99          void ShowString (unsigned char line,char *ptr)
 100          {
 101   1       unsigned char l,i;
 102   1       l=line<<4;
 103   1       for (i=0;i<16;i++)
 104   1        ShowChar (l++,*(ptr+i));//循环显示16个字符
 105   1      }
 106          /******************************************************************/
 107          /*                   初始化函数                                   */
 108          /******************************************************************/
 109          void InitLcd()
 110          {
 111   1       DelayMs(15);
 112   1       WriteCommand(0x38); //display mode
 113   1       WriteCommand(0x38); //display mode
 114   1       WriteCommand(0x38); //display mode
 115   1       WriteCommand(0x06); //显示光标移动位置
 116   1       WriteCommand(0x0c); //显示开及光标设置
 117   1       WriteCommand(0x01); //显示清屏
C51 COMPILER V7.06   综___允_                                                              05/13/2009 13:22:28 PAGE 3   

 118   1      
 119   1      }
 120          /******************************************************************/
 121          /*                   延时子程序                                   */
 122          /******************************************************************/
 123          void delay(unsigned int cnt)
 124          {
 125   1       while(--cnt);
 126   1      }
 127          /******************************************************************/
 128          /*                   主函数                                       */
 129          /******************************************************************/
 130          void main(void)
 131          
 132          {
 133   1      unsigned char i;
 134   1      InitLcd();                         //初始化LCD
 135   1      DelayMs(15);                       //延时可以使操作更稳定
 136   1      
 137   1      sprintf(Test1,"  www.doflye.cn  ");//第一行
 138   1      ShowString(0,Test1);
 139   1      
 140   1      sprintf(TimeNum,"LCM1602 Test ok!");//第二行
 141   1      ShowString(1,TimeNum);
 142   1      
 143   1      while(1)
 144   1      {
 145   2             P0=dofly[i];               //取显示数据
 146   2                 P2 =seg[i];                //取位码
 147   2                 delay(200);                //扫描间隙延时
 148   2                 i++;
 149   2                 if(8==i)                   //检测8位扫描完全？
 150   2                   i=0;
 151   2      }
 152   1      
 153   1      }


MODULE INFORMATION:   STATIC OVERLAYABLE
   CODE SIZE        =    296    ----
   CONSTANT SIZE    =     43    ----
   XDATA SIZE       =   ----    ----
   PDATA SIZE       =   ----    ----
   DATA SIZE        =     46       6
   IDATA SIZE       =   ----    ----
   BIT SIZE         =   ----    ----
END OF MODULE INFORMATION.


C51 COMPILATION COMPLETE.  0 WARNING(S),  0 ERROR(S)
