C51 COMPILER V8.02   DISPLAY                                                               05/18/2013 13:52:56 PAGE 1   


C51 COMPILER V8.02, COMPILATION OF MODULE DISPLAY
OBJECT MODULE PLACED IN display.OBJ
COMPILER INVOKED BY: C:\Keil\C51\BIN\C51.EXE display.c BROWSE DEBUG OBJECTEXTEND

line level    source

   1          #include"display.h"
   2          #include"delay.h"
   3          #define DataPort P0 //定义数据端口 
   4          extern bit ReadADFlag;
   5          unsigned char code DuanMa[10]={0xc0,0xf9,0xa4,0xb0,0x99,0x92,0x82,0xf8,0x80,0x90};// 显示段码值0~9
   6          unsigned char code WeiMa[]={0xfe,0xfd,0xfb,0xf7,0xef,0xdf,0xbf,0x7f};//分别对应相应的数码管点亮,即位码
   7          unsigned char TempData[8]; //存储显示值的全局变量
   8          
   9          
  10          /*------------------------------------------------
  11           显示函数，用于动态扫描数码管
  12           输入参数 FirstBit 表示需要显示的第一位，如赋值2表示从第三个数码管开始显示
  13           如输入0表示从第一个显示。
  14           Num表示需要显示的位数，如需要显示99两位数值则该值输入2
  15          ------------------------------------------------*/
  16          void Display(unsigned char FirstBit,unsigned char Num)
  17          {
  18   1            static unsigned char i=0;
  19   1                
  20   1      
  21   1                 DataPort=0xff;   //清空数据，防止有交替重影
  22   1            
  23   1      
  24   1             P2=WeiMa[i+FirstBit]; //取位码 
  25   1           
  26   1      
  27   1             DataPort=TempData[i]; //取显示数据，段码
  28   1           
  29   1             
  30   1                 i++;
  31   1             if(i==Num)
  32   1                    i=0;
  33   1      
  34   1      
  35   1      }
  36          /*------------------------------------------------
  37                              定时器初始化子程序
  38          ------------------------------------------------*/
  39          void Init_Timer0(void)
  40          {
  41   1       TMOD |= 0x01;    //使用模式1，16位定时器，使用"|"符号可以在使用多个定时器时不受影响                 
  42   1       //TH0=0x00;          //给定初值
  43   1       //TL0=0x00;
  44   1       EA=1;            //总中断打开
  45   1       ET0=1;           //定时器中断打开
  46   1       TR0=1;           //定时器开关打开
  47   1      }
  48          /*------------------------------------------------
  49                           定时器中断子程序
  50          ------------------------------------------------*/
  51          void Timer0_isr(void) interrupt 1 
  52          {
  53   1       static unsigned int num;
  54   1       TH0=(65536-2000)/256;            //重新赋值 2ms
  55   1       TL0=(65536-2000)%256;
C51 COMPILER V8.02   DISPLAY                                                               05/18/2013 13:52:56 PAGE 2   

  56   1       
  57   1       Display(0,8);       // 调用数码管扫描
  58   1       num++;
  59   1       if(num==50)        //大致100ms
  60   1         {
  61   2          num=0;
  62   2          ReadADFlag=1; //读标志位置1
  63   2              }
  64   1      }


MODULE INFORMATION:   STATIC OVERLAYABLE
   CODE SIZE        =    106    ----
   CONSTANT SIZE    =     18    ----
   XDATA SIZE       =   ----    ----
   PDATA SIZE       =   ----    ----
   DATA SIZE        =     11    ----
   IDATA SIZE       =   ----    ----
   BIT SIZE         =   ----    ----
END OF MODULE INFORMATION.


C51 COMPILATION COMPLETE.  0 WARNING(S),  0 ERROR(S)
