C51 COMPILER V7.06   18B20                                                                 08/30/2009 16:49:35 PAGE 1   


C51 COMPILER V7.06, COMPILATION OF MODULE 18B20
OBJECT MODULE PLACED IN 18b20.OBJ
COMPILER INVOKED BY: d:\Keil\C51\BIN\C51.EXE 18b20.c BROWSE DEBUG OBJECTEXTEND

stmt level    source

   1          /*-----------------------------------------------
   2            名称：18B20温度传感器
   3            公司：上海浩豚电子科技有限公司
   4            网站：www.doflye.cn
   5            编写：师访
   6            日期：2009.5
   7            修改：无
   8            内容：18B20单线温度检测的应用样例程序,请将18b20插紧，
   9                  然后在数码管可以显示XX.XC，C表示摄氏度，如显示25.3C表示当前温度25.3度
  10                  开发板使用11.0592M晶振
  11                  串口测温软件 选择对应的com口 
  12          ------------------------------------------------*/
  13          #include<reg52.h>     //包含头文件，一般情况不需要改动，头文件包含特殊功能寄存器的定义
  14          #include<math.h>
  15          #include <stdio.h>
  16          #include<INTRINS.H>
  17          
  18          #define uchar unsigned char
  19          #define uint   unsigned int;
  20          /******************************************************************/
  21          /*                    定义端口                                    */
  22          /******************************************************************/
  23          sbit seg1=P2^0;
  24          sbit seg2=P2^1;
  25          sbit seg3=P2^2;
  26          sbit DQ=P1^3;//ds18b20 端口
  27          sfr dataled=0x80;//显示数据端口
  28          /******************************************************************/
  29          /*                    全局变量                                    */
  30          /******************************************************************/
  31          uint temp;
  32          uchar flag_get,count,num,minute,second;
  33          uchar code tab[]={0x3f,0x06,0x5b,0x4f,0x66,0x6d,0x7d,0x07,0x7f,0x6f};
  34                                                         //7段数码管段码表共阳
  35          uchar  str[6];
  36          /******************************************************************/
  37          /*                   函数声明                                     */
  38          /******************************************************************/
  39          void delay1(uchar MS);
  40          unsigned int ReadTemperature(void);
  41          void Init_DS18B20(void);
  42          unsigned char ReadOneChar(void);
  43          void WriteOneChar(unsigned char dat);
  44          void delay(unsigned int i);
  45          
  46          void UARTinit(void)
  47          {
  48   1       
  49   1          SCON  = 0x50;                       /* SCON: 模式 1, 8-bit UART, 使能接收         */
  50   1          TMOD |= 0x20;               /* TMOD: timer 1, mode 2, 8-bit reload        */
  51   1          TH1   = 0xFD;               /* TH1:  reload value for 9600 baud @ 11.0592MHz   */
  52   1          TR1   = 1;                  /* TR1:  timer 1 run                          */
  53   1          //EA    = 1;                  /*打开总中断*/
  54   1          //ES    = 1;       
  55   1              TI    = 1; 
C51 COMPILER V7.06   18B20                                                                 08/30/2009 16:49:35 PAGE 2   

  56   1      }
  57          /******************************************************************/
  58          /*                    主函数                                      */
  59          /******************************************************************/
  60          main()
  61          {
  62   1      unsigned int TempH,TempL;
  63   1      
  64   1      TMOD|=0x01;//定时器设置
  65   1      TH0=0xef;
  66   1      TL0=0xf0;
  67   1      IE=0x82;
  68   1      TR0=1;
  69   1      UARTinit();
  70   1      P2=0x00;  
  71   1      count=0;
  72   1      while(1)
  73   1      {
  74   2         str[5]=0x39;         //显示C符号
  75   2         str[1]=tab[TempH/100]; //十位温度
  76   2         str[2]=tab[(TempH%100)/10]; //十位温度
  77   2         str[3]=tab[(TempH%100)%10]|0x80; //个位温度,带小数点
  78   2         str[4]=tab[TempL];
  79   2        if(flag_get==1)       //定时读取当前温度
  80   2          {
  81   3        temp=ReadTemperature();
  82   3        if(temp&0x8000)
  83   3           {
  84   4           str[0]=0x40;//负号标志
  85   4           temp=~temp;  // 取反加1
  86   4               temp +=1;
  87   4               }
  88   3        else
  89   3           str[0]=0;
  90   3        TempH=temp>>4;
  91   3        TempL=temp&0x0F;
  92   3        TempL=TempL*6/10;//小数近似处理
  93   3        printf("%d.%d\n",TempH,TempL);
  94   3        flag_get=0;
  95   3          }
  96   2        }
  97   1      }
  98          
  99          
 100          /******************************************************************/
 101          /*                  定时器中断                                    */
 102          /******************************************************************/
 103          void tim(void) interrupt 1 using 1//中断，用于数码管扫描和温度检测间隔
 104          {
 105   1      TH0=0xef;//定时器重装值
 106   1      TL0=0xf0;
 107   1      num++;
 108   1      if (num==200)
 109   1          {num=0;
 110   2                flag_get=1;//标志位有效
 111   2            second++;
 112   2             if(second>=60)
 113   2               {second=0;
 114   3                 minute++;  
 115   3                }
 116   2            }
 117   1      count++;
C51 COMPILER V7.06   18B20                                                                 08/30/2009 16:49:35 PAGE 3   

 118   1      if(count==1)
 119   1         {P2=0;
 120   2          dataled=str[0];}//数码管扫描
 121   1      if(count==2)
 122   1         {P2=1;
 123   2          dataled=str[1];}
 124   1      if(count==3)
 125   1         { P2=2;
 126   2           dataled=str[2];
 127   2           }
 128   1      if(count==4)
 129   1         { P2=3;
 130   2           dataled=str[3];
 131   2           }
 132   1      if(count==5)
 133   1         { P2=4;
 134   2           dataled=str[4];
 135   2           }
 136   1      if(count==6)
 137   1         { P2=5;
 138   2           dataled=str[5];
 139   2           count=0;}
 140   1      }
 141          /******************************************************************/
 142          /*                    延时函数                                    */
 143          /******************************************************************/
 144          void delay(unsigned int i)//延时函数
 145          {
 146   1       while(i--);
 147   1      }
 148          /******************************************************************/
 149          /*                    初始化                                      */
 150          /******************************************************************/
 151          void Init_DS18B20(void)
 152          {
 153   1       unsigned char x=0;
 154   1       DQ = 1;    //DQ复位
 155   1       delay(8);  //稍做延时
 156   1       DQ = 0;    //单片机将DQ拉低
 157   1       delay(80); //精确延时 大于 480us
 158   1       DQ = 1;    //拉高总线
 159   1       delay(10);
 160   1       x=DQ;      //稍做延时后 如果x=0则初始化成功 x=1则初始化失败
 161   1       delay(5);
 162   1      }
 163          
 164          /******************************************************************/
 165          /*                    读一个字节                                  */
 166          /******************************************************************/
 167          unsigned char ReadOneChar(void)
 168          {
 169   1      unsigned char i=0;
 170   1      unsigned char dat = 0;
 171   1      for (i=8;i>0;i--)
 172   1       {
 173   2        DQ = 0; // 给脉冲信号
 174   2        dat>>=1;
 175   2        DQ = 1; // 给脉冲信号
 176   2        if(DQ)
 177   2         dat|=0x80;
 178   2        delay(5);
 179   2       }
C51 COMPILER V7.06   18B20                                                                 08/30/2009 16:49:35 PAGE 4   

 180   1       return(dat);
 181   1      }
 182          
 183          /******************************************************************/
 184          /*                 写一个字节                                     */
 185          /******************************************************************/
 186          void WriteOneChar(unsigned char dat)
 187          {
 188   1       unsigned char i=0;
 189   1       for (i=8; i>0; i--)
 190   1       {
 191   2        DQ = 0;
 192   2        DQ = dat&0x01;
 193   2        delay(5);
 194   2        DQ = 1;
 195   2        dat>>=1;
 196   2       }
 197   1      delay(5);
 198   1      }
 199          
 200          /******************************************************************/
 201          /*                   读取温度                                     */
 202          /******************************************************************/
 203          unsigned int ReadTemperature(void)
 204          {
 205   1      unsigned char a=0;
 206   1      unsigned int b=0;
 207   1      unsigned int t=0;
 208   1      Init_DS18B20();
 209   1      WriteOneChar(0xCC); // 跳过读序号列号的操作
 210   1      WriteOneChar(0x44); // 启动温度转换
 211   1      delay(200);
 212   1      Init_DS18B20();
 213   1      WriteOneChar(0xCC); //跳过读序号列号的操作 
 214   1      WriteOneChar(0xBE); //读取温度寄存器等（共可读9个寄存器） 前两个就是温度
 215   1      a=ReadOneChar();   //低位
 216   1      b=ReadOneChar();   //高位
 217   1      
 218   1      b<<=8;
 219   1      t=a+b;
 220   1      
 221   1      return(t);
 222   1      }


MODULE INFORMATION:   STATIC OVERLAYABLE
   CODE SIZE        =    533    ----
   CONSTANT SIZE    =     17    ----
   XDATA SIZE       =   ----    ----
   PDATA SIZE       =   ----    ----
   DATA SIZE        =     13       4
   IDATA SIZE       =   ----    ----
   BIT SIZE         =   ----    ----
END OF MODULE INFORMATION.


C51 COMPILATION COMPLETE.  0 WARNING(S),  0 ERROR(S)
